<html>
<body>
<pre>
<h1>µVision Build Log</h1>
<h2>Project:</h2>
C:\Users\DSRC\Desktop\DriveByWireUpdated\DriveByWireIO\DriveByWireIO.uvproj
Project File Date:  06/22/2018

<h2>Output:</h2>
Build target 'Target 1'
compiling Steering_Actuator.c...
compiling DriveByWireIO.c...
DriveByWireIO.c(61): warning:  #550-D: variable "throttle_pos" was set but never used
        uint32_t throttle_pos, linear_act_pos;
DriveByWireIO.c(61): warning:  #550-D: variable "linear_act_pos" was set but never used
        uint32_t throttle_pos, linear_act_pos;
DriveByWireIO.c: 2 warnings, 0 errors
linking...
Program Size: Code=5538 RO-data=1482 RW-data=12 ZI-data=1124  
".\DriveByWireIO.axf" - 0 Error(s), 2 Warning(s).
</pre>
</body>
</html>
O.axf" - 1 Error(s), 2 Warning(s).
Target not created
JTAG, Speed=1000000Hz
Erase Done.
Programming Done.
Verify OK.
..
CAN_comm.c(71): warning:  #550-D: variable "CAN_status" was set but never used
        uint32_t int_status, CAN_status;
CAN_comm.c: 1 warning, 0 errors
linking...
Program Size: Code=5610 RO-data=1482 RW-data=12 ZI-data=1124  
".\DriveByWireIO.axf" - 0 Error(s), 3 Warning(s).
